// Jest Snapshot v1, https://goo.gl/fbAQLP

exports[`BlogCompactPost renders the component 1`] = `"<a class=\\"item-container\\"><div class=\\"item\\"><img src=\\"https://karazann.com/images/test.png\\" alt=\\"Post title\\"><span class=\\"item-tag\\">Test</span><article class=\\"content\\"><ul class=\\"post-tags\\"><li>2019 May 10</li></ul><h3>Post title</h3><p> Post description</p></article></div></a>"`;
