// Jest Snapshot v1, https://goo.gl/fbAQLP

exports[`IndexPage renders the component 1`] = `"<h1 class=\\"test\\">Hello world</h1>"`;
